// Vitest Snapshot v1, https://vitest.dev/guide/snapshot.html

exports[`DOM structure matches snapshot 1`] = `
<div>
  <div
    role="label"
  >
    Bruh
  </div>
</div>
`;
